******************************************************************************
             TMS320C2000 Linker PC v15.12.3                    
******************************************************************************
>> Linked Sat May 04 19:00:27 2019

OUTPUT FILE NAME:   <SVM_HD.out>
ENTRY POINT SYMBOL: "_c_int00"  address: 0000a9fa


MEMORY CONFIGURATION

         name            origin    length      used     unused   attr    fill
----------------------  --------  ---------  --------  --------  ----  --------
PAGE 0:
  BEGIN                 00000000   00000002  00000002  00000000  RWIX
  RAMM0                 00000052   000003ae  00000000  000003ae  RWIX
  RAML0                 00008000   00002000  00000093  00001f6d  RWIX
  RAML1                 0000a000   00002000  00000b4e  000014b2  RWIX
  RAMH0                 00300000   00008000  00000000  00008000  RWIX
  RAMH1                 00308000   00008000  00000000  00008000  RWIX
  RAMH2                 00310000   00008000  00000000  00008000  RWIX
  CSM_RSVD              0033ff80   00000076  00000000  00000076  RWIX
  CSM_PWL_PROG          0033fff8   00000008  00000000  00000008  RWIX
  IQTABLES              003fe000   00000b50  00000000  00000b50  RWIX
  IQTABLES2             003feb50   0000008c  00000000  0000008c  RWIX
  FPUTABLES             003febdc   000006a0  00000000  000006a0  RWIX
  BOOTROM               003ff27c   00000d44  00000000  00000d44  RWIX
  RESET                 003fffc0   00000002  00000000  00000002  RWIX

PAGE 1:
  BOOT_RSVD             00000002   00000050  00000000  00000050  RWIX
  RAMM1                 00000400   00000400  00000300  00000100  RWIX
  DEV_EMU               00000880   00000180  000000d0  000000b0  RWIX
  CSM                   00000ae0   00000010  00000010  00000000  RWIX
  XINTF                 00000b20   00000020  0000001e  00000002  RWIX
  CPU_TIMER0            00000c00   00000008  00000008  00000000  RWIX
  CPU_TIMER1            00000c08   00000008  00000008  00000000  RWIX
  CPU_TIMER2            00000c10   00000008  00000008  00000000  RWIX
  PIE_CTRL              00000ce0   00000020  0000001a  00000006  RWIX
  PIE_VECT              00000d00   00000100  00000100  00000000  RWIX
  DMA                   00001000   00000200  000000e0  00000120  RWIX
  MCBSPA                00005000   00000040  00000025  0000001b  RWIX
  MCBSPB                00005040   00000040  00000025  0000001b  RWIX
  ECANA                 00006000   00000040  00000034  0000000c  RWIX
  ECANA_LAM             00006040   00000040  00000040  00000000  RWIX
  ECANA_MOTS            00006080   00000040  00000040  00000000  RWIX
  ECANA_MOTO            000060c0   00000040  00000040  00000000  RWIX
  ECANA_MBOX            00006100   00000100  00000100  00000000  RWIX
  ECANB                 00006200   00000040  00000034  0000000c  RWIX
  ECANB_LAM             00006240   00000040  00000040  00000000  RWIX
  ECANB_MOTS            00006280   00000040  00000040  00000000  RWIX
  ECANB_MOTO            000062c0   00000040  00000040  00000000  RWIX
  ECANB_MBOX            00006300   00000100  00000100  00000000  RWIX
  EPWM9                 00006600   00000022  00000022  00000000  RWIX
  EPWM1                 00006800   00000022  00000022  00000000  RWIX
  EPWM2                 00006840   00000022  00000022  00000000  RWIX
  EPWM3                 00006880   00000022  00000022  00000000  RWIX
  EPWM4                 000068c0   00000022  00000022  00000000  RWIX
  EPWM5                 00006900   00000022  00000022  00000000  RWIX
  EPWM6                 00006940   00000022  00000022  00000000  RWIX
  EPWM7                 00006980   00000022  00000022  00000000  RWIX
  EPWM8                 000069c0   00000022  00000022  00000000  RWIX
  ECAP1                 00006a00   00000020  00000020  00000000  RWIX
  ECAP2                 00006a20   00000020  00000020  00000000  RWIX
  ECAP3                 00006a40   00000020  00000020  00000000  RWIX
  ECAP4                 00006a60   00000020  00000020  00000000  RWIX
  ECAP5                 00006a80   00000020  00000020  00000000  RWIX
  ECAP6                 00006aa0   00000020  00000020  00000000  RWIX
  EQEP1                 00006b00   00000040  00000040  00000000  RWIX
  EQEP2                 00006b40   00000040  00000040  00000000  RWIX
  EQEP3                 00006b80   00000040  00000040  00000000  RWIX
  GPIOCTRL              00006f80   00000040  0000002e  00000012  RWIX
  GPIODAT               00006fc0   00000020  00000020  00000000  RWIX
  GPIOINT               00006fe0   00000020  0000000a  00000016  RWIX
  SYSTEM                00007010   00000021  00000020  00000001  RWIX
  SPIA                  00007040   00000010  00000010  00000000  RWIX
  SCIA                  00007050   00000010  00000010  00000000  RWIX
  XINTRUPT              00007070   00000010  00000010  00000000  RWIX
  SCIB                  00007750   00000010  00000010  00000000  RWIX
  SCIC                  00007770   00000010  00000010  00000000  RWIX
  SPID                  00007780   00000010  00000010  00000000  RWIX
  I2CA                  00007900   00000040  00000022  0000001e  RWIX
  RAML2                 0000c000   00002000  000018b8  00000748  RWIX
  RAML3                 0000e000   00002000  00001870  00000790  RWIX
  RAML4                 00010000   00002000  00000000  00002000  RWIX
  RAML5                 00012000   00002000  00000000  00002000  RWIX
  RAML6                 00014000   00002000  00000000  00002000  RWIX
  RAML7                 00016000   00002000  00000000  00002000  RWIX
  RAMH3                 00318000   00008000  00000000  00008000  RWIX
  RAMH4                 00320000   00008000  00000000  00008000  RWIX
  RAMH5                 00328000   00008000  00000000  00008000  RWIX
  CSM_PWL               0033fff8   00000008  00000008  00000000  RWIX


SECTION ALLOCATION MAP

 output                                  attributes/
section   page    origin      length       input sections
--------  ----  ----------  ----------   ----------------
codestart 
*          0    00000000    00000002     
                  00000000    00000002     DSP2834x_CodeStartBranch.obj (codestart)

.cinit     0    00008000    0000008f     
                  00008000    00000067     main.obj (.cinit)
                  00008067    0000000e     39vf1601.obj (.cinit)
                  00008075    0000000e     rts2800_fpu32.lib : exit.obj (.cinit)
                  00008083    00000005                       : _lock.obj (.cinit:__lock)
                  00008088    00000005                       : _lock.obj (.cinit:__unlock)
                  0000808d    00000002     --HOLE-- [fill = 0]

ramfuncs   0    0000808f    00000004     
                  0000808f    00000004     DSP2834x_usDelay.obj (ramfuncs)

.text      0    0000a000    00000b4e     
                  0000a000    00000352     DSP2834x_DefaultIsr.obj (.text:retain)
                  0000a352    00000242     main.obj (.text:retain)
                  0000a594    00000144     DSP2834x_Xintf.obj (.text)
                  0000a6d8    00000129     main.obj (.text)
                  0000a801    000000fe     DSP2834x_SysCtrl.obj (.text)
                  0000a8ff    00000088     rts2800_fpu32.lib : fs_div.obj (.text)
                  0000a987    00000073     DSP2834x_CpuTimers.obj (.text)
                  0000a9fa    00000056     rts2800_fpu32.lib : boot.obj (.text)
                  0000aa50    00000046                       : cpy_tbl.obj (.text)
                  0000aa96    00000029                       : exit.obj (.text)
                  0000aabf    00000028     DSP2834x_PieCtrl.obj (.text)
                  0000aae7    00000020     DSP2834x_PieVect.obj (.text)
                  0000ab07    0000001a     rts2800_fpu32.lib : cpy_utils.obj (.text)
                  0000ab21    00000019                       : args_main.obj (.text)
                  0000ab3a    00000009                       : _lock.obj (.text)
                  0000ab43    00000008     DSP2834x_CodeStartBranch.obj (.text)
                  0000ab4b    00000002     rts2800_fpu32.lib : pre_init.obj (.text)
                  0000ab4d    00000001                       : startup.obj (.text)

.pinit     0    00008000    00000000     UNINITIALIZED

.stack     1    00000400    00000300     UNINITIALIZED
                  00000400    00000300     --HOLE--

DevEmuRegsFile 
*          1    00000880    000000d0     UNINITIALIZED
                  00000880    000000d0     DSP2834x_GlobalVariableDefs.obj (DevEmuRegsFile)

CsmRegsFile 
*          1    00000ae0    00000010     UNINITIALIZED
                  00000ae0    00000010     DSP2834x_GlobalVariableDefs.obj (CsmRegsFile)

XintfRegsFile 
*          1    00000b20    0000001e     UNINITIALIZED
                  00000b20    0000001e     DSP2834x_GlobalVariableDefs.obj (XintfRegsFile)

CpuTimer0RegsFile 
*          1    00000c00    00000008     UNINITIALIZED
                  00000c00    00000008     DSP2834x_GlobalVariableDefs.obj (CpuTimer0RegsFile)

CpuTimer1RegsFile 
*          1    00000c08    00000008     UNINITIALIZED
                  00000c08    00000008     DSP2834x_GlobalVariableDefs.obj (CpuTimer1RegsFile)

CpuTimer2RegsFile 
*          1    00000c10    00000008     UNINITIALIZED
                  00000c10    00000008     DSP2834x_GlobalVariableDefs.obj (CpuTimer2RegsFile)

PieCtrlRegsFile 
*          1    00000ce0    0000001a     UNINITIALIZED
                  00000ce0    0000001a     DSP2834x_GlobalVariableDefs.obj (PieCtrlRegsFile)

PieVectTableFile 
*          1    00000d00    00000100     UNINITIALIZED
                  00000d00    00000100     DSP2834x_GlobalVariableDefs.obj (PieVectTableFile)

DmaRegsFile 
*          1    00001000    000000e0     UNINITIALIZED
                  00001000    000000e0     DSP2834x_GlobalVariableDefs.obj (DmaRegsFile)

McbspaRegsFile 
*          1    00005000    00000025     UNINITIALIZED
                  00005000    00000025     DSP2834x_GlobalVariableDefs.obj (McbspaRegsFile)

McbspbRegsFile 
*          1    00005040    00000025     UNINITIALIZED
                  00005040    00000025     DSP2834x_GlobalVariableDefs.obj (McbspbRegsFile)

ECanaRegsFile 
*          1    00006000    00000034     UNINITIALIZED
                  00006000    00000034     DSP2834x_GlobalVariableDefs.obj (ECanaRegsFile)

ECanaLAMRegsFile 
*          1    00006040    00000040     UNINITIALIZED
                  00006040    00000040     DSP2834x_GlobalVariableDefs.obj (ECanaLAMRegsFile)

ECanaMOTSRegsFile 
*          1    00006080    00000040     UNINITIALIZED
                  00006080    00000040     DSP2834x_GlobalVariableDefs.obj (ECanaMOTSRegsFile)

ECanaMOTORegsFile 
*          1    000060c0    00000040     UNINITIALIZED
                  000060c0    00000040     DSP2834x_GlobalVariableDefs.obj (ECanaMOTORegsFile)

ECanaMboxesFile 
*          1    00006100    00000100     UNINITIALIZED
                  00006100    00000100     DSP2834x_GlobalVariableDefs.obj (ECanaMboxesFile)

ECanbRegsFile 
*          1    00006200    00000034     UNINITIALIZED
                  00006200    00000034     DSP2834x_GlobalVariableDefs.obj (ECanbRegsFile)

ECanbLAMRegsFile 
*          1    00006240    00000040     UNINITIALIZED
                  00006240    00000040     DSP2834x_GlobalVariableDefs.obj (ECanbLAMRegsFile)

ECanbMOTSRegsFile 
*          1    00006280    00000040     UNINITIALIZED
                  00006280    00000040     DSP2834x_GlobalVariableDefs.obj (ECanbMOTSRegsFile)

ECanbMOTORegsFile 
*          1    000062c0    00000040     UNINITIALIZED
                  000062c0    00000040     DSP2834x_GlobalVariableDefs.obj (ECanbMOTORegsFile)

ECanbMboxesFile 
*          1    00006300    00000100     UNINITIALIZED
                  00006300    00000100     DSP2834x_GlobalVariableDefs.obj (ECanbMboxesFile)

EPwm9RegsFile 
*          1    00006600    00000022     UNINITIALIZED
                  00006600    00000022     DSP2834x_GlobalVariableDefs.obj (EPwm9RegsFile)

EPwm1RegsFile 
*          1    00006800    00000022     UNINITIALIZED
                  00006800    00000022     DSP2834x_GlobalVariableDefs.obj (EPwm1RegsFile)

EPwm2RegsFile 
*          1    00006840    00000022     UNINITIALIZED
                  00006840    00000022     DSP2834x_GlobalVariableDefs.obj (EPwm2RegsFile)

EPwm3RegsFile 
*          1    00006880    00000022     UNINITIALIZED
                  00006880    00000022     DSP2834x_GlobalVariableDefs.obj (EPwm3RegsFile)

EPwm4RegsFile 
*          1    000068c0    00000022     UNINITIALIZED
                  000068c0    00000022     DSP2834x_GlobalVariableDefs.obj (EPwm4RegsFile)

EPwm5RegsFile 
*          1    00006900    00000022     UNINITIALIZED
                  00006900    00000022     DSP2834x_GlobalVariableDefs.obj (EPwm5RegsFile)

EPwm6RegsFile 
*          1    00006940    00000022     UNINITIALIZED
                  00006940    00000022     DSP2834x_GlobalVariableDefs.obj (EPwm6RegsFile)

EPwm7RegsFile 
*          1    00006980    00000022     UNINITIALIZED
                  00006980    00000022     DSP2834x_GlobalVariableDefs.obj (EPwm7RegsFile)

EPwm8RegsFile 
*          1    000069c0    00000022     UNINITIALIZED
                  000069c0    00000022     DSP2834x_GlobalVariableDefs.obj (EPwm8RegsFile)

ECap1RegsFile 
*          1    00006a00    00000020     UNINITIALIZED
                  00006a00    00000020     DSP2834x_GlobalVariableDefs.obj (ECap1RegsFile)

ECap2RegsFile 
*          1    00006a20    00000020     UNINITIALIZED
                  00006a20    00000020     DSP2834x_GlobalVariableDefs.obj (ECap2RegsFile)

ECap3RegsFile 
*          1    00006a40    00000020     UNINITIALIZED
                  00006a40    00000020     DSP2834x_GlobalVariableDefs.obj (ECap3RegsFile)

ECap4RegsFile 
*          1    00006a60    00000020     UNINITIALIZED
                  00006a60    00000020     DSP2834x_GlobalVariableDefs.obj (ECap4RegsFile)

ECap5RegsFile 
*          1    00006a80    00000020     UNINITIALIZED
                  00006a80    00000020     DSP2834x_GlobalVariableDefs.obj (ECap5RegsFile)

ECap6RegsFile 
*          1    00006aa0    00000020     UNINITIALIZED
                  00006aa0    00000020     DSP2834x_GlobalVariableDefs.obj (ECap6RegsFile)

EQep1RegsFile 
*          1    00006b00    00000040     UNINITIALIZED
                  00006b00    00000040     DSP2834x_GlobalVariableDefs.obj (EQep1RegsFile)

EQep2RegsFile 
*          1    00006b40    00000040     UNINITIALIZED
                  00006b40    00000040     DSP2834x_GlobalVariableDefs.obj (EQep2RegsFile)

EQep3RegsFile 
*          1    00006b80    00000040     UNINITIALIZED
                  00006b80    00000040     DSP2834x_GlobalVariableDefs.obj (EQep3RegsFile)

GpioCtrlRegsFile 
*          1    00006f80    0000002e     UNINITIALIZED
                  00006f80    0000002e     DSP2834x_GlobalVariableDefs.obj (GpioCtrlRegsFile)

GpioDataRegsFile 
*          1    00006fc0    00000020     UNINITIALIZED
                  00006fc0    00000020     DSP2834x_GlobalVariableDefs.obj (GpioDataRegsFile)

GpioIntRegsFile 
*          1    00006fe0    0000000a     UNINITIALIZED
                  00006fe0    0000000a     DSP2834x_GlobalVariableDefs.obj (GpioIntRegsFile)

SysCtrlRegsFile 
*          1    00007010    00000020     UNINITIALIZED
                  00007010    00000020     DSP2834x_GlobalVariableDefs.obj (SysCtrlRegsFile)

SpiaRegsFile 
*          1    00007040    00000010     UNINITIALIZED
                  00007040    00000010     DSP2834x_GlobalVariableDefs.obj (SpiaRegsFile)

SciaRegsFile 
*          1    00007050    00000010     UNINITIALIZED
                  00007050    00000010     DSP2834x_GlobalVariableDefs.obj (SciaRegsFile)

XIntruptRegsFile 
*          1    00007070    00000010     UNINITIALIZED
                  00007070    00000010     DSP2834x_GlobalVariableDefs.obj (XIntruptRegsFile)

ScibRegsFile 
*          1    00007750    00000010     UNINITIALIZED
                  00007750    00000010     DSP2834x_GlobalVariableDefs.obj (ScibRegsFile)

ScicRegsFile 
*          1    00007770    00000010     UNINITIALIZED
                  00007770    00000010     DSP2834x_GlobalVariableDefs.obj (ScicRegsFile)

SpidRegsFile 
*          1    00007780    00000010     UNINITIALIZED
                  00007780    00000010     DSP2834x_GlobalVariableDefs.obj (SpidRegsFile)

I2caRegsFile 
*          1    00007900    00000022     UNINITIALIZED
                  00007900    00000022     DSP2834x_GlobalVariableDefs.obj (I2caRegsFile)

.ebss      1    0000c000    000018b8     UNINITIALIZED
                  0000c000    00001890     main.obj (.ebss)
                  0000d890    00000018     DSP2834x_CpuTimers.obj (.ebss)
                  0000d8a8    00000006     39vf1601.obj (.ebss)
                  0000d8ae    00000006     rts2800_fpu32.lib : exit.obj (.ebss)
                  0000d8b4    00000002                       : _lock.obj (.ebss:__lock)
                  0000d8b6    00000002                       : _lock.obj (.ebss:__unlock)

.econst    1    0000e000    00001870     
                  0000e000    000007d0     Sintable.obj (.econst:_sin_a)
                  0000e7d0    000007d0     Sintable.obj (.econst:_sin_b)
                  0000efa0    000007d0     Sintable.obj (.econst:_sin_c)
                  0000f770    00000100     DSP2834x_PieVect.obj (.econst:_PieVectTableInit)

.reset     0    003fffc0    00000002     DSECT
                  003fffc0    00000002     rts2800_fpu32.lib : boot.obj (.reset)

csm_rsvd   0    0033ff80    00000000     DSECT

csmpasswds 
*          0    0033fff8    00000000     DSECT

CsmPwlFile 
*          1    0033fff8    00000008     UNINITIALIZED
                  0033fff8    00000008     DSP2834x_GlobalVariableDefs.obj (CsmPwlFile)

MODULE SUMMARY

       Module                            code   ro data   rw data
       ------                            ----   -------   -------
    .\source\
       main.obj                          875    0         6391   
       Sintable.obj                      0      0         6000   
       DSP2834x_GlobalVariableDefs.obj   0      0         2806   
       DSP2834x_DefaultIsr.obj           850    0         0      
       DSP2834x_Xintf.obj                324    0         0      
       DSP2834x_PieVect.obj              32     0         256    
       DSP2834x_SysCtrl.obj              254    0         0      
       DSP2834x_CpuTimers.obj            115    0         24     
       DSP2834x_PieCtrl.obj              40     0         0      
       39vf1601.obj                      0      0         20     
       DSP2834x_CodeStartBranch.obj      10     0         0      
       DSP2834x_usDelay.obj              4      0         0      
    +--+---------------------------------+------+---------+---------+
       Total:                            2504   0         15497  
                                                                 
    D:\TI\ccsv6\tools\compiler\c2000_15.12.3.LTS\lib\rts2800_fpu32.lib
       fs_div.obj                        136    0         0      
       boot.obj                          86     0         0      
       cpy_tbl.obj                       70     0         0      
       exit.obj                          41     0         20     
       cpy_utils.obj                     26     0         0      
       args_main.obj                     25     0         0      
       _lock.obj                         9      0         14     
       pre_init.obj                      2      0         0      
       startup.obj                       1      0         0      
    +--+---------------------------------+------+---------+---------+
       Total:                            396    0         34     
                                                                 
       Stack:                            0      0         768    
    +--+---------------------------------+------+---------+---------+
       Grand Total:                      2900   0         16299  


GLOBAL DATA SYMBOLS: SORTED BY DATA PAGE

address     data page           name
--------    ----------------    ----
00000400      10 (00000400)     __stack

00000880      22 (00000880)     _DevEmuRegs

00000ae0      2b (00000ac0)     _CsmRegs

00000b20      2c (00000b00)     _XintfRegs

00000c00      30 (00000c00)     _CpuTimer0Regs
00000c08      30 (00000c00)     _CpuTimer1Regs
00000c10      30 (00000c00)     _CpuTimer2Regs

00000ce0      33 (00000cc0)     _PieCtrlRegs

00000d00      34 (00000d00)     _PieVectTable

00001000      40 (00001000)     _DmaRegs

00005000     140 (00005000)     _McbspaRegs

00005040     141 (00005040)     _McbspbRegs

00006000     180 (00006000)     _ECanaRegs

00006040     181 (00006040)     _ECanaLAMRegs

00006080     182 (00006080)     _ECanaMOTSRegs

000060c0     183 (000060c0)     _ECanaMOTORegs

00006100     184 (00006100)     _ECanaMboxes

00006200     188 (00006200)     _ECanbRegs

00006240     189 (00006240)     _ECanbLAMRegs

00006280     18a (00006280)     _ECanbMOTSRegs

000062c0     18b (000062c0)     _ECanbMOTORegs

00006300     18c (00006300)     _ECanbMboxes

00006600     198 (00006600)     _EPwm9Regs

00006800     1a0 (00006800)     _EPwm1Regs

00006840     1a1 (00006840)     _EPwm2Regs

00006880     1a2 (00006880)     _EPwm3Regs

000068c0     1a3 (000068c0)     _EPwm4Regs

00006900     1a4 (00006900)     _EPwm5Regs

00006940     1a5 (00006940)     _EPwm6Regs

00006980     1a6 (00006980)     _EPwm7Regs

000069c0     1a7 (000069c0)     _EPwm8Regs

00006a00     1a8 (00006a00)     _ECap1Regs
00006a20     1a8 (00006a00)     _ECap2Regs

00006a40     1a9 (00006a40)     _ECap3Regs
00006a60     1a9 (00006a40)     _ECap4Regs

00006a80     1aa (00006a80)     _ECap5Regs
00006aa0     1aa (00006a80)     _ECap6Regs

00006b00     1ac (00006b00)     _EQep1Regs

00006b40     1ad (00006b40)     _EQep2Regs

00006b80     1ae (00006b80)     _EQep3Regs

00006f80     1be (00006f80)     _GpioCtrlRegs

00006fc0     1bf (00006fc0)     _GpioDataRegs
00006fe0     1bf (00006fc0)     _GpioIntRegs

00007010     1c0 (00007000)     _SysCtrlRegs

00007040     1c1 (00007040)     _SpiaRegs
00007050     1c1 (00007040)     _SciaRegs
00007070     1c1 (00007040)     _XIntruptRegs

00007750     1dd (00007740)     _ScibRegs
00007770     1dd (00007740)     _ScicRegs

00007780     1de (00007780)     _SpidRegs

00007900     1e4 (00007900)     _I2caRegs

0000c000     300 (0000c000)     _cmp
0000c001     300 (0000c000)     _ph
0000c002     300 (0000c000)     _ct
0000c003     300 (0000c000)     _fh
0000c004     300 (0000c000)     _j
0000c005     300 (0000c000)     _ch
0000c006     300 (0000c000)     _cd
0000c007     300 (0000c000)     _minv
0000c008     300 (0000c000)     _reg
0000c009     300 (0000c000)     _maxv
0000c00a     300 (0000c000)     _mode
0000c00b     300 (0000c000)     _fd
0000c00c     300 (0000c000)     _i
0000c00d     300 (0000c000)     _ft
0000c00e     300 (0000c000)     _cnt
0000c00f     300 (0000c000)     _k
0000c010     300 (0000c000)     _minf
0000c012     300 (0000c000)     _tt
0000c014     300 (0000c000)     _dt
0000c016     300 (0000c000)     _ddif
0000c018     300 (0000c000)     _tnow
0000c01a     300 (0000c000)     _freq
0000c01c     300 (0000c000)     _lt
0000c01e     300 (0000c000)     _vd
0000c020     300 (0000c000)     _vt
0000c022     300 (0000c000)     _vry
0000c024     300 (0000c000)     _vh
0000c026     300 (0000c000)     _vrx
0000c028     300 (0000c000)     _st
0000c02a     300 (0000c000)     _dd
0000c02c     300 (0000c000)     _dh
0000c02e     300 (0000c000)     _vy
0000c030     300 (0000c000)     _vx
0000c032     300 (0000c000)     _state
0000c035     300 (0000c000)     _compare
0000c038     300 (0000c000)     _intvals

0000c040     301 (0000c040)     _temp
0000c046     301 (0000c040)     _d
0000c04c     301 (0000c040)     _vabc
0000c056     301 (0000c040)     _D
0000c060     301 (0000c040)     _tempf
0000c06a     301 (0000c040)     _sin

0000c080     302 (0000c080)     _cos

0000c0c0     303 (0000c0c0)     _samplecnt

0000c4c0     313 (0000c4c0)     _sampleb

0000c8c0     323 (0000c8c0)     _samplec

0000ccc0     333 (0000ccc0)     _samplea

0000d0c0     343 (0000d0c0)     _samplecom

0000d890     362 (0000d880)     _CpuTimer1
0000d898     362 (0000d880)     _CpuTimer2
0000d8a0     362 (0000d880)     _CpuTimer0
0000d8aa     362 (0000d880)     _FlashStart
0000d8ac     362 (0000d880)     _ExRamStart
0000d8ae     362 (0000d880)     ___TI_enable_exit_profile_output
0000d8b0     362 (0000d880)     ___TI_cleanup_ptr
0000d8b2     362 (0000d880)     ___TI_dtors_ptr
0000d8b4     362 (0000d880)     __lock
0000d8b6     362 (0000d880)     __unlock

0000e000     380 (0000e000)     _sin_a

0000e7d0     39f (0000e7c0)     _sin_b

0000efa0     3be (0000ef80)     _sin_c

0000f770     3dd (0000f740)     _PieVectTableInit

0033fff8    cfff (0033ffc0)     _CsmPwl


GLOBAL SYMBOLS: SORTED ALPHABETICALLY BY Name 

page  address   name                            
----  -------   ----                            
0     0000a000  .text                           
0     0000aa96  C$$EXIT                         
0     0000a8ff  FS$$DIV                         
0     0000a9c0  _ConfigCpuTimer                 
1     0000d8a0  _CpuTimer0                      
1     00000c00  _CpuTimer0Regs                  
1     0000d890  _CpuTimer1                      
1     00000c08  _CpuTimer1Regs                  
1     0000d898  _CpuTimer2                      
1     00000c10  _CpuTimer2Regs                  
1     0033fff8  _CsmPwl                         
1     00000ae0  _CsmRegs                        
0     0000a8e3  _CsmUnlock                      
1     0000c056  _D                              
0     0000a014  _DATALOG_ISR                    
0     0000a230  _DINTCH1_ISR                    
0     0000a23a  _DINTCH2_ISR                    
0     0000a244  _DINTCH3_ISR                    
0     0000a24e  _DINTCH4_ISR                    
0     0000a258  _DINTCH5_ISR                    
0     0000a262  _DINTCH6_ISR                    
0     0000808f  _DSP28x_usDelay                 
1     00000880  _DevEmuRegs                     
0     0000a814  _DisableDog                     
1     00001000  _DmaRegs                        
0     0000a2bc  _ECAN0INTA_ISR                  
0     0000a2d0  _ECAN0INTB_ISR                  
0     0000a2c6  _ECAN1INTA_ISR                  
0     0000a2da  _ECAN1INTB_ISR                  
0     0000a186  _ECAP1_INT_ISR                  
0     0000a190  _ECAP2_INT_ISR                  
0     0000a19a  _ECAP3_INT_ISR                  
0     0000a1a4  _ECAP4_INT_ISR                  
0     0000a1ae  _ECAP5_INT_ISR                  
0     0000a1b8  _ECAP6_INT_ISR                  
1     00006040  _ECanaLAMRegs                   
1     000060c0  _ECanaMOTORegs                  
1     00006080  _ECanaMOTSRegs                  
1     00006100  _ECanaMboxes                    
1     00006000  _ECanaRegs                      
1     00006240  _ECanbLAMRegs                   
1     000062c0  _ECanbMOTORegs                  
1     00006280  _ECanbMOTSRegs                  
1     00006300  _ECanbMboxes                    
1     00006200  _ECanbRegs                      
1     00006a00  _ECap1Regs                      
1     00006a20  _ECap2Regs                      
1     00006a40  _ECap3Regs                      
1     00006a60  _ECap4Regs                      
1     00006a80  _ECap5Regs                      
1     00006aa0  _ECap6Regs                      
0     0000a028  _EMUINT_ISR                     
0     0000a136  _EPWM1_INT_ISR                  
0     0000a0e6  _EPWM1_TZINT_ISR                
0     0000a140  _EPWM2_INT_ISR                  
0     0000a0f0  _EPWM2_TZINT_ISR                
0     0000a14a  _EPWM3_INT_ISR                  
0     0000a0fa  _EPWM3_TZINT_ISR                
0     0000a154  _EPWM4_INT_ISR                  
0     0000a104  _EPWM4_TZINT_ISR                
0     0000a15e  _EPWM5_INT_ISR                  
0     0000a10e  _EPWM5_TZINT_ISR                
0     0000a168  _EPWM6_INT_ISR                  
0     0000a118  _EPWM6_TZINT_ISR                
0     0000a172  _EPWM7_INT_ISR                  
0     0000a122  _EPWM7_TZINT_ISR                
0     0000a17c  _EPWM8_INT_ISR                  
0     0000a12c  _EPWM8_TZINT_ISR                
0     0000a2ee  _EPWM9_INT_ISR                  
0     0000a2e4  _EPWM9_TZINT_ISR                
1     00006800  _EPwm1Regs                      
1     00006840  _EPwm2Regs                      
1     00006880  _EPwm3Regs                      
1     000068c0  _EPwm4Regs                      
1     00006900  _EPwm5Regs                      
1     00006940  _EPwm6Regs                      
1     00006980  _EPwm7Regs                      
1     000069c0  _EPwm8Regs                      
1     00006600  _EPwm9Regs                      
0     0000a1c2  _EQEP1_INT_ISR                  
0     0000a1cc  _EQEP2_INT_ISR                  
0     0000a1d6  _EQEP3_INT_ISR                  
1     00006b00  _EQep1Regs                      
1     00006b40  _EQep2Regs                      
1     00006b80  _EQep3Regs                      
0     0000aade  _EnableInterrupts               
1     0000d8ac  _ExRamStart                     
1     0000d8aa  _FlashStart                     
1     00006f80  _GpioCtrlRegs                   
1     00006fc0  _GpioDataRegs                   
1     00006fe0  _GpioIntRegs                    
0     0000a26c  _I2CINT1A_ISR                   
0     0000a276  _I2CINT2A_ISR                   
1     00007900  _I2caRegs                       
0     0000a03c  _ILLEGAL_ISR                    
0     0000a000  _INT13_ISR                      
0     0000a00a  _INT14_ISR                      
0     0000a987  _InitCpuTimers                  
0     0000a725  _InitEPwmTimer                  
0     0000a883  _InitPeripheralClocks           
0     0000aabf  _InitPieCtrl                    
0     0000aae7  _InitPieVectTable               
0     0000a81c  _InitPll                        
0     0000a801  _InitSysCtrl                    
0     0000a594  _InitXintf                      
0     0000a691  _InitXintf16Gpio                
0     0000a5fa  _InitXintf32Gpio                
0     0000a334  _LUF_ISR                        
0     0000a32a  _LVF_ISR                        
0     0000a208  _MRINTA_ISR                     
0     0000a1f4  _MRINTB_ISR                     
0     0000a212  _MXINTA_ISR                     
0     0000a1fe  _MXINTB_ISR                     
1     00005000  _McbspaRegs                     
1     00005040  _McbspbRegs                     
0     0000a032  _NMI_ISR                        
0     0000a33e  _PIE_RESERVED                   
1     00000ce0  _PieCtrlRegs                    
1     00000d00  _PieVectTable                   
1     0000f770  _PieVectTableInit               
0     0000a01e  _RTOSINT_ISR                    
0     0000a294  _SCIRXINTA_ISR                  
0     0000a2a8  _SCIRXINTB_ISR                  
0     0000a280  _SCIRXINTC_ISR                  
0     0000a29e  _SCITXINTA_ISR                  
0     0000a2b2  _SCITXINTB_ISR                  
0     0000a28a  _SCITXINTC_ISR                  
0     0000a1e0  _SPIRXINTA_ISR                  
0     0000a21c  _SPIRXINTD_ISR                  
0     0000a1ea  _SPITXINTA_ISR                  
0     0000a226  _SPITXINTD_ISR                  
1     00007050  _SciaRegs                       
1     00007750  _ScibRegs                       
1     00007770  _ScicRegs                       
0     0000a80a  _ServiceDog                     
1     00007040  _SpiaRegs                       
1     00007780  _SpidRegs                       
1     00007010  _SysCtrlRegs                    
0     0000a0d2  _TINT0_ISR                      
0     0000a0a0  _USER10_ISR                     
0     0000a0aa  _USER11_ISR                     
0     0000a0b4  _USER12_ISR                     
0     0000a046  _USER1_ISR                      
0     0000a050  _USER2_ISR                      
0     0000a05a  _USER3_ISR                      
0     0000a064  _USER4_ISR                      
0     0000a06e  _USER5_ISR                      
0     0000a078  _USER6_ISR                      
0     0000a082  _USER7_ISR                      
0     0000a08c  _USER8_ISR                      
0     0000a096  _USER9_ISR                      
0     0000a0dc  _WAKEINT_ISR                    
0     0000a7bc  _WriteDAC                       
0     0000a0be  _XINT1_ISR                      
0     0000a0c8  _XINT2_ISR                      
0     0000a2f8  _XINT3_ISR                      
0     0000a302  _XINT4_ISR                      
0     0000a30c  _XINT5_ISR                      
0     0000a316  _XINT6_ISR                      
0     0000a320  _XINT7_ISR                      
1     00007070  _XIntruptRegs                   
1     00000b20  _XintfRegs                      
1     00000700  __STACK_END                     
abs   00000300  __STACK_SIZE                    
1     0000d8b0  ___TI_cleanup_ptr               
1     0000d8b2  ___TI_dtors_ptr                 
1     0000d8ae  ___TI_enable_exit_profile_output
abs   ffffffff  ___TI_pprof_out_hndl            
abs   ffffffff  ___TI_prof_data_size            
abs   ffffffff  ___TI_prof_data_start           
abs   ffffffff  ___binit__                      
abs   ffffffff  ___c_args__                     
0     00008000  ___cinit__                      
0     0000ab4e  ___etext__                      
abs   ffffffff  ___pinit__                      
0     0000a000  ___text__                       
0     0000ab21  __args_main                     
1     0000d8b4  __lock                          
0     0000ab42  __nop                           
0     0000ab3e  __register_lock                 
0     0000ab3a  __register_unlock               
1     00000400  __stack                         
0     0000ab4d  __system_post_cinit             
0     0000ab4b  __system_pre_init               
1     0000d8b6  __unlock                        
0     0000aa96  _abort                          
0     0000a9fa  _c_int00                        
1     0000c006  _cd                             
1     0000c005  _ch                             
1     0000c000  _cmp                            
1     0000c00e  _cnt                            
1     0000c035  _compare                        
0     0000aa50  _copy_in                        
1     0000c080  _cos                            
0     0000a352  _cpu_timer0_isr                 
1     0000c002  _ct                             
1     0000c046  _d                              
1     0000c02a  _dd                             
0     0000ab07  _ddcopy                         
1     0000c016  _ddif                           
0     0000a7eb  _delay                          
1     0000c02c  _dh                             
0     0000ab07  _dpcopy                         
1     0000c014  _dt                             
0     0000aa98  _exit                           
1     0000c00b  _fd                             
1     0000c003  _fh                             
1     0000c01a  _freq                           
1     0000c00d  _ft                             
1     0000c00c  _i                              
1     0000c038  _intvals                        
1     0000c004  _j                              
1     0000c00f  _k                              
1     0000c01c  _lt                             
0     0000a6d8  _main                           
1     0000c009  _maxv                           
1     0000c010  _minf                           
1     0000c007  _minv                           
1     0000c00a  _mode                           
0     0000ab07  _pdcopy                         
1     0000c001  _ph                             
0     0000ab07  _ppcopy                         
1     0000c008  _reg                            
0     0000a348  _rsvd_ISR                       
1     0000ccc0  _samplea                        
1     0000c4c0  _sampleb                        
1     0000c8c0  _samplec                        
1     0000c0c0  _samplecnt                      
1     0000d0c0  _samplecom                      
1     0000c06a  _sin                            
1     0000e000  _sin_a                          
1     0000e7d0  _sin_b                          
1     0000efa0  _sin_c                          
0     0000a7f4  _spi_init                       
1     0000c028  _st                             
1     0000c032  _state                          
1     0000c040  _temp                           
1     0000c060  _tempf                          
1     0000c018  _tnow                           
1     0000c012  _tt                             
1     0000c04c  _vabc                           
1     0000c01e  _vd                             
1     0000c024  _vh                             
1     0000c026  _vrx                            
1     0000c022  _vry                            
1     0000c020  _vt                             
1     0000c030  _vx                             
1     0000c02e  _vy                             
abs   ffffffff  binit                           
0     00008000  cinit                           
0     00000000  code_start                      
0     0000ab4e  etext                           
abs   ffffffff  pinit                           


GLOBAL SYMBOLS: SORTED BY Symbol Address 

page  address   name                            
----  -------   ----                            
0     00000000  code_start                      
0     00008000  ___cinit__                      
0     00008000  cinit                           
0     0000808f  _DSP28x_usDelay                 
0     0000a000  .text                           
0     0000a000  _INT13_ISR                      
0     0000a000  ___text__                       
0     0000a00a  _INT14_ISR                      
0     0000a014  _DATALOG_ISR                    
0     0000a01e  _RTOSINT_ISR                    
0     0000a028  _EMUINT_ISR                     
0     0000a032  _NMI_ISR                        
0     0000a03c  _ILLEGAL_ISR                    
0     0000a046  _USER1_ISR                      
0     0000a050  _USER2_ISR                      
0     0000a05a  _USER3_ISR                      
0     0000a064  _USER4_ISR                      
0     0000a06e  _USER5_ISR                      
0     0000a078  _USER6_ISR                      
0     0000a082  _USER7_ISR                      
0     0000a08c  _USER8_ISR                      
0     0000a096  _USER9_ISR                      
0     0000a0a0  _USER10_ISR                     
0     0000a0aa  _USER11_ISR                     
0     0000a0b4  _USER12_ISR                     
0     0000a0be  _XINT1_ISR                      
0     0000a0c8  _XINT2_ISR                      
0     0000a0d2  _TINT0_ISR                      
0     0000a0dc  _WAKEINT_ISR                    
0     0000a0e6  _EPWM1_TZINT_ISR                
0     0000a0f0  _EPWM2_TZINT_ISR                
0     0000a0fa  _EPWM3_TZINT_ISR                
0     0000a104  _EPWM4_TZINT_ISR                
0     0000a10e  _EPWM5_TZINT_ISR                
0     0000a118  _EPWM6_TZINT_ISR                
0     0000a122  _EPWM7_TZINT_ISR                
0     0000a12c  _EPWM8_TZINT_ISR                
0     0000a136  _EPWM1_INT_ISR                  
0     0000a140  _EPWM2_INT_ISR                  
0     0000a14a  _EPWM3_INT_ISR                  
0     0000a154  _EPWM4_INT_ISR                  
0     0000a15e  _EPWM5_INT_ISR                  
0     0000a168  _EPWM6_INT_ISR                  
0     0000a172  _EPWM7_INT_ISR                  
0     0000a17c  _EPWM8_INT_ISR                  
0     0000a186  _ECAP1_INT_ISR                  
0     0000a190  _ECAP2_INT_ISR                  
0     0000a19a  _ECAP3_INT_ISR                  
0     0000a1a4  _ECAP4_INT_ISR                  
0     0000a1ae  _ECAP5_INT_ISR                  
0     0000a1b8  _ECAP6_INT_ISR                  
0     0000a1c2  _EQEP1_INT_ISR                  
0     0000a1cc  _EQEP2_INT_ISR                  
0     0000a1d6  _EQEP3_INT_ISR                  
0     0000a1e0  _SPIRXINTA_ISR                  
0     0000a1ea  _SPITXINTA_ISR                  
0     0000a1f4  _MRINTB_ISR                     
0     0000a1fe  _MXINTB_ISR                     
0     0000a208  _MRINTA_ISR                     
0     0000a212  _MXINTA_ISR                     
0     0000a21c  _SPIRXINTD_ISR                  
0     0000a226  _SPITXINTD_ISR                  
0     0000a230  _DINTCH1_ISR                    
0     0000a23a  _DINTCH2_ISR                    
0     0000a244  _DINTCH3_ISR                    
0     0000a24e  _DINTCH4_ISR                    
0     0000a258  _DINTCH5_ISR                    
0     0000a262  _DINTCH6_ISR                    
0     0000a26c  _I2CINT1A_ISR                   
0     0000a276  _I2CINT2A_ISR                   
0     0000a280  _SCIRXINTC_ISR                  
0     0000a28a  _SCITXINTC_ISR                  
0     0000a294  _SCIRXINTA_ISR                  
0     0000a29e  _SCITXINTA_ISR                  
0     0000a2a8  _SCIRXINTB_ISR                  
0     0000a2b2  _SCITXINTB_ISR                  
0     0000a2bc  _ECAN0INTA_ISR                  
0     0000a2c6  _ECAN1INTA_ISR                  
0     0000a2d0  _ECAN0INTB_ISR                  
0     0000a2da  _ECAN1INTB_ISR                  
0     0000a2e4  _EPWM9_TZINT_ISR                
0     0000a2ee  _EPWM9_INT_ISR                  
0     0000a2f8  _XINT3_ISR                      
0     0000a302  _XINT4_ISR                      
0     0000a30c  _XINT5_ISR                      
0     0000a316  _XINT6_ISR                      
0     0000a320  _XINT7_ISR                      
0     0000a32a  _LVF_ISR                        
0     0000a334  _LUF_ISR                        
0     0000a33e  _PIE_RESERVED                   
0     0000a348  _rsvd_ISR                       
0     0000a352  _cpu_timer0_isr                 
0     0000a594  _InitXintf                      
0     0000a5fa  _InitXintf32Gpio                
0     0000a691  _InitXintf16Gpio                
0     0000a6d8  _main                           
0     0000a725  _InitEPwmTimer                  
0     0000a7bc  _WriteDAC                       
0     0000a7eb  _delay                          
0     0000a7f4  _spi_init                       
0     0000a801  _InitSysCtrl                    
0     0000a80a  _ServiceDog                     
0     0000a814  _DisableDog                     
0     0000a81c  _InitPll                        
0     0000a883  _InitPeripheralClocks           
0     0000a8e3  _CsmUnlock                      
0     0000a8ff  FS$$DIV                         
0     0000a987  _InitCpuTimers                  
0     0000a9c0  _ConfigCpuTimer                 
0     0000a9fa  _c_int00                        
0     0000aa50  _copy_in                        
0     0000aa96  C$$EXIT                         
0     0000aa96  _abort                          
0     0000aa98  _exit                           
0     0000aabf  _InitPieCtrl                    
0     0000aade  _EnableInterrupts               
0     0000aae7  _InitPieVectTable               
0     0000ab07  _ddcopy                         
0     0000ab07  _dpcopy                         
0     0000ab07  _pdcopy                         
0     0000ab07  _ppcopy                         
0     0000ab21  __args_main                     
0     0000ab3a  __register_unlock               
0     0000ab3e  __register_lock                 
0     0000ab42  __nop                           
0     0000ab4b  __system_pre_init               
0     0000ab4d  __system_post_cinit             
0     0000ab4e  ___etext__                      
0     0000ab4e  etext                           
1     00000400  __stack                         
1     00000700  __STACK_END                     
1     00000880  _DevEmuRegs                     
1     00000ae0  _CsmRegs                        
1     00000b20  _XintfRegs                      
1     00000c00  _CpuTimer0Regs                  
1     00000c08  _CpuTimer1Regs                  
1     00000c10  _CpuTimer2Regs                  
1     00000ce0  _PieCtrlRegs                    
1     00000d00  _PieVectTable                   
1     00001000  _DmaRegs                        
1     00005000  _McbspaRegs                     
1     00005040  _McbspbRegs                     
1     00006000  _ECanaRegs                      
1     00006040  _ECanaLAMRegs                   
1     00006080  _ECanaMOTSRegs                  
1     000060c0  _ECanaMOTORegs                  
1     00006100  _ECanaMboxes                    
1     00006200  _ECanbRegs                      
1     00006240  _ECanbLAMRegs                   
1     00006280  _ECanbMOTSRegs                  
1     000062c0  _ECanbMOTORegs                  
1     00006300  _ECanbMboxes                    
1     00006600  _EPwm9Regs                      
1     00006800  _EPwm1Regs                      
1     00006840  _EPwm2Regs                      
1     00006880  _EPwm3Regs                      
1     000068c0  _EPwm4Regs                      
1     00006900  _EPwm5Regs                      
1     00006940  _EPwm6Regs                      
1     00006980  _EPwm7Regs                      
1     000069c0  _EPwm8Regs                      
1     00006a00  _ECap1Regs                      
1     00006a20  _ECap2Regs                      
1     00006a40  _ECap3Regs                      
1     00006a60  _ECap4Regs                      
1     00006a80  _ECap5Regs                      
1     00006aa0  _ECap6Regs                      
1     00006b00  _EQep1Regs                      
1     00006b40  _EQep2Regs                      
1     00006b80  _EQep3Regs                      
1     00006f80  _GpioCtrlRegs                   
1     00006fc0  _GpioDataRegs                   
1     00006fe0  _GpioIntRegs                    
1     00007010  _SysCtrlRegs                    
1     00007040  _SpiaRegs                       
1     00007050  _SciaRegs                       
1     00007070  _XIntruptRegs                   
1     00007750  _ScibRegs                       
1     00007770  _ScicRegs                       
1     00007780  _SpidRegs                       
1     00007900  _I2caRegs                       
1     0000c000  _cmp                            
1     0000c001  _ph                             
1     0000c002  _ct                             
1     0000c003  _fh                             
1     0000c004  _j                              
1     0000c005  _ch                             
1     0000c006  _cd                             
1     0000c007  _minv                           
1     0000c008  _reg                            
1     0000c009  _maxv                           
1     0000c00a  _mode                           
1     0000c00b  _fd                             
1     0000c00c  _i                              
1     0000c00d  _ft                             
1     0000c00e  _cnt                            
1     0000c00f  _k                              
1     0000c010  _minf                           
1     0000c012  _tt                             
1     0000c014  _dt                             
1     0000c016  _ddif                           
1     0000c018  _tnow                           
1     0000c01a  _freq                           
1     0000c01c  _lt                             
1     0000c01e  _vd                             
1     0000c020  _vt                             
1     0000c022  _vry                            
1     0000c024  _vh                             
1     0000c026  _vrx                            
1     0000c028  _st                             
1     0000c02a  _dd                             
1     0000c02c  _dh                             
1     0000c02e  _vy                             
1     0000c030  _vx                             
1     0000c032  _state                          
1     0000c035  _compare                        
1     0000c038  _intvals                        
1     0000c040  _temp                           
1     0000c046  _d                              
1     0000c04c  _vabc                           
1     0000c056  _D                              
1     0000c060  _tempf                          
1     0000c06a  _sin                            
1     0000c080  _cos                            
1     0000c0c0  _samplecnt                      
1     0000c4c0  _sampleb                        
1     0000c8c0  _samplec                        
1     0000ccc0  _samplea                        
1     0000d0c0  _samplecom                      
1     0000d890  _CpuTimer1                      
1     0000d898  _CpuTimer2                      
1     0000d8a0  _CpuTimer0                      
1     0000d8aa  _FlashStart                     
1     0000d8ac  _ExRamStart                     
1     0000d8ae  ___TI_enable_exit_profile_output
1     0000d8b0  ___TI_cleanup_ptr               
1     0000d8b2  ___TI_dtors_ptr                 
1     0000d8b4  __lock                          
1     0000d8b6  __unlock                        
1     0000e000  _sin_a                          
1     0000e7d0  _sin_b                          
1     0000efa0  _sin_c                          
1     0000f770  _PieVectTableInit               
1     0033fff8  _CsmPwl                         
abs   00000300  __STACK_SIZE                    
abs   ffffffff  ___TI_pprof_out_hndl            
abs   ffffffff  ___TI_prof_data_size            
abs   ffffffff  ___TI_prof_data_start           
abs   ffffffff  ___binit__                      
abs   ffffffff  ___c_args__                     
abs   ffffffff  ___pinit__                      
abs   ffffffff  binit                           
abs   ffffffff  pinit                           

[253 symbols]
